/Users/francoislang/Library/Python/3.9/lib/python/site-packages/urllib3/__init__.py:35: NotOpenSSLWarning: urllib3 v2 only supports OpenSSL 1.1.1+, currently the 'ssl' module is compiled with 'LibreSSL 2.8.3'. See: https://github.com/urllib3/urllib3/issues/3020
  warnings.warn(
DB           : /Users/francoislang/Local/Perso/templates/_data/annonces.db
Déjà en DB   : 258 fiches
Pagination   : 1 → 773 (max annuaire 773)
[page 1/773] 20 profils | total DB 258 | +0 | skip 0 | err 0
[page 2/773] 20 profils | total DB 258 | +0 | skip 20 | err 0
[page 3/773] 20 profils | total DB 260 | +1 | skip 39 | err 0
[page 4/773] 20 profils | total DB 260 | +1 | skip 59 | err 0
[page 5/773] 20 profils | total DB 260 | +1 | skip 79 | err 0
[page 6/773] 20 profils | total DB 260 | +1 | skip 99 | err 0
[page 7/773] 20 profils | total DB 272 | +7 | skip 113 | err 0
[page 8/773] 20 profils | total DB 274 | +8 | skip 132 | err 0
[page 9/773] 20 profils | total DB 276 | +9 | skip 151 | err 0
[page 10/773] 20 profils | total DB 278 | +10 | skip 170 | err 0
[page 11/773] 20 profils | total DB 278 | +10 | skip 190 | err 0
[page 12/773] 20 profils | total DB 278 | +10 | skip 210 | err 0
[page 13/773] 20 profils | total DB 278 | +10 | skip 230 | err 0
[page 14/773] 20 profils | total DB 278 | +10 | skip 250 | err 0
[page 15/773] 20 profils | total DB 304 | +23 | skip 257 | err 0
[page 16/773] 20 profils | total DB 344 | +43 | skip 257 | err 0
[page 17/773] 20 profils | total DB 370 | +56 | skip 257 | err 7
  page 18 vide
[page 19/773] 20 profils | total DB 388 | +65 | skip 257 | err 18
  page 20 vide
[page 21/773] 20 profils | total DB 416 | +79 | skip 257 | err 24
  page 22 vide
  page 23 vide
  page 24 vide
[page 25/773] 20 profils | total DB 442 | +92 | skip 257 | err 31
[page 26/773] 20 profils | total DB 472 | +107 | skip 257 | err 36
  page 27 vide
[page 28/773] 20 profils | total DB 492 | +117 | skip 258 | err 45
[page 29/773] 20 profils | total DB 520 | +131 | skip 258 | err 51
  page 30 vide
  page 31 vide
[page 32/773] 20 profils | total DB 548 | +145 | skip 258 | err 57
[page 33/773] 20 profils | total DB 570 | +156 | skip 258 | err 66
  page 34 vide
[page 35/773] 20 profils | total DB 592 | +167 | skip 258 | err 75
[page 36/773] 20 profils | total DB 614 | +178 | skip 258 | err 84
[page 37/773] 20 profils | total DB 638 | +190 | skip 259 | err 91
[page 38/773] 20 profils | total DB 654 | +198 | skip 259 | err 103
[page 39/773] 20 profils | total DB 678 | +210 | skip 260 | err 110
[page 40/773] 20 profils | total DB 698 | +220 | skip 260 | err 120
[page 41/773] 20 profils | total DB 712 | +227 | skip 260 | err 133
[page 42/773] 20 profils | total DB 738 | +240 | skip 260 | err 140
[page 43/773] 20 profils | total DB 758 | +250 | skip 260 | err 150
[page 44/773] 20 profils | total DB 788 | +265 | skip 260 | err 155
[page 45/773] 20 profils | total DB 808 | +275 | skip 260 | err 165
[page 46/773] 20 profils | total DB 846 | +294 | skip 260 | err 166
[page 47/773] 20 profils | total DB 884 | +313 | skip 261 | err 166
[page 48/773] 20 profils | total DB 922 | +332 | skip 262 | err 166
[page 49/773] 20 profils | total DB 956 | +349 | skip 262 | err 169
[page 50/773] 20 profils | total DB 984 | +363 | skip 263 | err 174
[page 51/773] 20 profils | total DB 1016 | +379 | skip 263 | err 178
[page 52/773] 20 profils | total DB 1046 | +394 | skip 265 | err 181
[page 53/773] 20 profils | total DB 1080 | +411 | skip 267 | err 182
[page 54/773] 20 profils | total DB 1114 | +428 | skip 267 | err 185
[page 55/773] 20 profils | total DB 1144 | +443 | skip 267 | err 190
[page 56/773] 20 profils | total DB 1178 | +460 | skip 270 | err 190
[page 57/773] 20 profils | total DB 1212 | +477 | skip 273 | err 190
[page 58/773] 20 profils | total DB 1248 | +495 | skip 274 | err 191
[page 59/773] 20 profils | total DB 1286 | +514 | skip 275 | err 191
[page 60/773] 20 profils | total DB 1322 | +532 | skip 276 | err 192
[page 61/773] 20 profils | total DB 1358 | +550 | skip 278 | err 192
[page 62/773] 20 profils | total DB 1392 | +567 | skip 280 | err 193
[page 63/773] 20 profils | total DB 1428 | +585 | skip 282 | err 193
[page 64/773] 20 profils | total DB 1460 | +601 | skip 286 | err 193
[page 65/773] 20 profils | total DB 1494 | +618 | skip 289 | err 193
[page 66/773] 20 profils | total DB 1522 | +632 | skip 289 | err 199
[page 67/773] 20 profils | total DB 1546 | +644 | skip 290 | err 206
[page 68/773] 20 profils | total DB 1576 | +659 | skip 291 | err 210
[page 69/773] 20 profils | total DB 1600 | +671 | skip 293 | err 216
[page 70/773] 20 profils | total DB 1626 | +684 | skip 294 | err 222
[page 71/773] 20 profils | total DB 1656 | +699 | skip 295 | err 226
[page 72/773] 20 profils | total DB 1692 | +717 | skip 295 | err 228
[page 73/773] 20 profils | total DB 1730 | +736 | skip 296 | err 228
[page 74/773] 20 profils | total DB 1768 | +755 | skip 297 | err 228
[page 75/773] 20 profils | total DB 1808 | +775 | skip 297 | err 228
[page 76/773] 20 profils | total DB 1844 | +793 | skip 298 | err 229
[page 77/773] 20 profils | total DB 1878 | +810 | skip 301 | err 229
[page 78/773] 20 profils | total DB 1918 | +830 | skip 301 | err 229
[page 79/773] 20 profils | total DB 1956 | +849 | skip 301 | err 230
[page 80/773] 20 profils | total DB 1994 | +868 | skip 302 | err 230
[page 81/773] 20 profils | total DB 2032 | +887 | skip 303 | err 230
[page 82/773] 20 profils | total DB 2060 | +901 | skip 303 | err 236
[page 83/773] 20 profils | total DB 2092 | +917 | skip 303 | err 240
[page 84/773] 20 profils | total DB 2126 | +934 | skip 303 | err 243
[page 85/773] 20 profils | total DB 2156 | +949 | skip 304 | err 247
[page 86/773] 20 profils | total DB 2190 | +966 | skip 304 | err 250
[page 87/773] 20 profils | total DB 2220 | +981 | skip 305 | err 254
[page 88/773] 20 profils | total DB 2254 | +998 | skip 305 | err 257
  page 89 vide
[page 90/773] 20 profils | total DB 2286 | +1014 | skip 306 | err 260
[page 91/773] 20 profils | total DB 2324 | +1033 | skip 306 | err 261
[page 92/773] 20 profils | total DB 2358 | +1050 | skip 309 | err 261
[page 93/773] 20 profils | total DB 2390 | +1066 | skip 312 | err 262
[page 94/773] 20 profils | total DB 2416 | +1079 | skip 319 | err 262
[page 95/773] 20 profils | total DB 2456 | +1099 | skip 319 | err 262
[page 96/773] 20 profils | total DB 2494 | +1118 | skip 319 | err 263
[page 97/773] 20 profils | total DB 2534 | +1138 | skip 319 | err 263
[page 98/773] 20 profils | total DB 2572 | +1157 | skip 320 | err 263
  page 99 vide
[page 100/773] 20 profils | total DB 2606 | +1174 | skip 321 | err 265
[page 101/773] 20 profils | total DB 2636 | +1189 | skip 321 | err 270
[page 102/773] 20 profils | total DB 2666 | +1204 | skip 322 | err 274
[page 103/773] 20 profils | total DB 2688 | +1215 | skip 325 | err 280
[page 104/773] 20 profils | total DB 2706 | +1224 | skip 327 | err 289
[page 105/773] 20 profils | total DB 2732 | +1237 | skip 328 | err 295
[page 106/773] 20 profils | total DB 2760 | +1251 | skip 331 | err 298
[page 107/773] 20 profils | total DB 2796 | +1269 | skip 333 | err 298
[page 108/773] 20 profils | total DB 2834 | +1288 | skip 333 | err 299
[page 109/773] 20 profils | total DB 2860 | +1301 | skip 340 | err 299
[page 110/773] 20 profils | total DB 2880 | +1311 | skip 350 | err 299
[page 111/773] 20 profils | total DB 2896 | +1319 | skip 362 | err 299
[page 112/773] 20 profils | total DB 2924 | +1333 | skip 367 | err 300
[page 113/773] 20 profils | total DB 2956 | +1349 | skip 371 | err 300
[page 114/773] 20 profils | total DB 2992 | +1367 | skip 373 | err 300
[page 115/773] 20 profils | total DB 3024 | +1383 | skip 374 | err 303
[page 116/773] 20 profils | total DB 3052 | +1397 | skip 376 | err 307
  page 117 vide
  page 118 vide
[page 119/773] 20 profils | total DB 3088 | +1415 | skip 376 | err 309
[page 120/773] 20 profils | total DB 3126 | +1434 | skip 376 | err 310
[page 121/773] 20 profils | total DB 3158 | +1450 | skip 376 | err 314
  page 122 vide
[page 123/773] 20 profils | total DB 3192 | +1467 | skip 376 | err 317
[page 124/773] 20 profils | total DB 3220 | +1481 | skip 376 | err 323
[page 125/773] 20 profils | total DB 3244 | +1493 | skip 380 | err 327
[page 126/773] 20 profils | total DB 3270 | +1506 | skip 383 | err 331
[page 127/773] 20 profils | total DB 3288 | +1515 | skip 390 | err 335
[page 128/773] 20 profils | total DB 3298 | +1520 | skip 399 | err 341
[page 129/773] 20 profils | total DB 3334 | +1538 | skip 400 | err 342
[page 130/773] 20 profils | total DB 3360 | +1551 | skip 400 | err 349
[page 131/773] 20 profils | total DB 3390 | +1566 | skip 400 | err 354
[page 132/773] 20 profils | total DB 3428 | +1585 | skip 400 | err 355
[page 133/773] 20 profils | total DB 3458 | +1600 | skip 400 | err 360
[page 134/773] 20 profils | total DB 3486 | +1614 | skip 401 | err 365
  page 135 vide
[page 136/773] 20 profils | total DB 3522 | +1632 | skip 401 | err 367
[page 137/773] 20 profils | total DB 3548 | +1645 | skip 401 | err 374
[page 138/773] 20 profils | total DB 3578 | +1660 | skip 404 | err 376
[page 139/773] 20 profils | total DB 3604 | +1673 | skip 411 | err 376
[page 140/773] 20 profils | total DB 3622 | +1682 | skip 421 | err 377
[page 141/773] 20 profils | total DB 3656 | +1699 | skip 424 | err 377
[page 142/773] 20 profils | total DB 3684 | +1713 | skip 429 | err 378
[page 143/773] 20 profils | total DB 3722 | +1732 | skip 430 | err 378
[page 144/773] 20 profils | total DB 3758 | +1750 | skip 432 | err 378
[page 145/773] 20 profils | total DB 3790 | +1766 | skip 436 | err 378
[page 146/773] 20 profils | total DB 3816 | +1779 | skip 440 | err 381
[page 147/773] 20 profils | total DB 3844 | +1793 | skip 440 | err 387
[page 148/773] 20 profils | total DB 3870 | +1806 | skip 441 | err 393
[page 149/773] 20 profils | total DB 3904 | +1823 | skip 442 | err 395
[page 150/773] 20 profils | total DB 3932 | +1837 | skip 443 | err 400
[page 151/773] 20 profils | total DB 3962 | +1852 | skip 446 | err 402
  page 152 vide
  page 153 vide
[page 154/773] 20 profils | total DB 3994 | +1868 | skip 446 | err 406
[page 155/773] 20 profils | total DB 4028 | +1885 | skip 446 | err 409
[page 156/773] 20 profils | total DB 4060 | +1901 | skip 446 | err 413
[page 157/773] 20 profils | total DB 4092 | +1917 | skip 450 | err 413
[page 158/773] 20 profils | total DB 4130 | +1936 | skip 451 | err 413
[page 159/773] 20 profils | total DB 4166 | +1954 | skip 452 | err 414
[page 160/773] 20 profils | total DB 4206 | +1974 | skip 452 | err 414
[page 161/773] 20 profils | total DB 4228 | +1985 | skip 460 | err 415
[page 162/773] 20 profils | total DB 4250 | +1996 | skip 469 | err 415
[page 163/773] 20 profils | total DB 4276 | +2009 | skip 476 | err 415
[page 164/773] 20 profils | total DB 4314 | +2028 | skip 477 | err 415
[page 165/773] 20 profils | total DB 4340 | +2041 | skip 484 | err 415
[page 166/773] 20 profils | total DB 4364 | +2053 | skip 488 | err 419
  page 167 vide
[page 168/773] 20 profils | total DB 4398 | +2070 | skip 488 | err 422
[page 169/773] 20 profils | total DB 4430 | +2086 | skip 488 | err 426
[page 170/773] 20 profils | total DB 4464 | +2103 | skip 489 | err 428
[page 171/773] 20 profils | total DB 4494 | +2118 | skip 493 | err 429
[page 172/773] 20 profils | total DB 4528 | +2135 | skip 493 | err 432
[page 173/773] 20 profils | total DB 4546 | +2144 | skip 501 | err 435
[page 174/773] 20 profils | total DB 4586 | +2164 | skip 501 | err 435
[page 175/773] 20 profils | total DB 4612 | +2177 | skip 506 | err 437
[page 176/773] 20 profils | total DB 4636 | +2189 | skip 510 | err 441
[page 177/773] 20 profils | total DB 4658 | +2200 | skip 516 | err 444
[page 178/773] 20 profils | total DB 4694 | +2218 | skip 517 | err 445
[page 179/773] 20 profils | total DB 4716 | +2229 | skip 526 | err 445
[page 180/773] 20 profils | total DB 4752 | +2247 | skip 528 | err 445
[page 181/773] 20 profils | total DB 4786 | +2264 | skip 531 | err 445
[page 182/773] 20 profils | total DB 4816 | +2279 | skip 536 | err 445
[page 183/773] 20 profils | total DB 4852 | +2297 | skip 537 | err 446
[page 184/773] 20 profils | total DB 4886 | +2314 | skip 540 | err 446
[page 185/773] 20 profils | total DB 4920 | +2331 | skip 542 | err 447
[page 186/773] 20 profils | total DB 4954 | +2348 | skip 545 | err 447
[page 187/773] 20 profils | total DB 4974 | +2358 | skip 555 | err 447
[page 188/773] 20 profils | total DB 5004 | +2373 | skip 560 | err 447
[page 189/773] 20 profils | total DB 5022 | +2382 | skip 571 | err 447
[page 190/773] 20 profils | total DB 5058 | +2400 | skip 573 | err 447
[page 191/773] 20 profils | total DB 5076 | +2409 | skip 584 | err 447
[page 192/773] 20 profils | total DB 5088 | +2415 | skip 595 | err 450
[page 193/773] 20 profils | total DB 5102 | +2422 | skip 606 | err 452
[page 194/773] 20 profils | total DB 5120 | +2431 | skip 615 | err 454
[page 195/773] 20 profils | total DB 5152 | +2447 | skip 618 | err 455
[page 196/773] 20 profils | total DB 5176 | +2459 | skip 626 | err 455
  page 197 vide
[page 198/773] 20 profils | total DB 5194 | +2468 | skip 635 | err 457
[page 199/773] 20 profils | total DB 5232 | +2487 | skip 635 | err 458
[page 200/773] 20 profils | total DB 5264 | +2503 | skip 639 | err 458
[page 201/773] 20 profils | total DB 5294 | +2518 | skip 639 | err 463
[page 202/773] 20 profils | total DB 5312 | +2527 | skip 646 | err 467
[page 203/773] 20 profils | total DB 5338 | +2540 | skip 653 | err 467
[page 204/773] 20 profils | total DB 5362 | +2552 | skip 657 | err 471
  page 205 vide
  page 206 vide
[page 207/773] 20 profils | total DB 5400 | +2571 | skip 657 | err 472
[page 208/773] 20 profils | total DB 5438 | +2590 | skip 657 | err 473
[page 209/773] 20 profils | total DB 5476 | +2609 | skip 658 | err 473
[page 210/773] 20 profils | total DB 5508 | +2625 | skip 661 | err 474
[page 211/773] 20 profils | total DB 5530 | +2636 | skip 670 | err 474
[page 212/773] 20 profils | total DB 5550 | +2646 | skip 679 | err 475
[page 213/773] 20 profils | total DB 5564 | +2653 | skip 692 | err 475
[page 214/773] 20 profils | total DB 5582 | +2662 | skip 703 | err 475
[page 215/773] 20 profils | total DB 5612 | +2677 | skip 708 | err 475
[page 216/773] 20 profils | total DB 5644 | +2693 | skip 712 | err 475
[page 217/773] 20 profils | total DB 5670 | +2706 | skip 719 | err 475
[page 218/773] 20 profils | total DB 5692 | +2717 | skip 728 | err 475
[page 219/773] 20 profils | total DB 5706 | +2724 | skip 740 | err 476
[page 220/773] 20 profils | total DB 5742 | +2742 | skip 742 | err 476
[page 221/773] 20 profils | total DB 5772 | +2757 | skip 747 | err 476
[page 222/773] 20 profils | total DB 5798 | +2770 | skip 754 | err 476
[page 223/773] 20 profils | total DB 5830 | +2786 | skip 758 | err 476
[page 224/773] 20 profils | total DB 5858 | +2800 | skip 759 | err 481
[page 225/773] 20 profils | total DB 5878 | +2810 | skip 765 | err 485
[page 226/773] 20 profils | total DB 5900 | +2821 | skip 772 | err 487
[page 227/773] 20 profils | total DB 5920 | +2831 | skip 776 | err 493
[page 228/773] 20 profils | total DB 5948 | +2845 | skip 778 | err 497
[page 229/773] 20 profils | total DB 5978 | +2860 | skip 780 | err 500
[page 230/773] 20 profils | total DB 5994 | +2868 | skip 784 | err 508
[page 231/773] 20 profils | total DB 6024 | +2883 | skip 787 | err 510
[page 232/773] 20 profils | total DB 6060 | +2901 | skip 787 | err 512
[page 233/773] 20 profils | total DB 6092 | +2917 | skip 788 | err 515
[page 234/773] 20 profils | total DB 6104 | +2923 | skip 800 | err 517
[page 235/773] 20 profils | total DB 6124 | +2933 | skip 808 | err 519
[page 236/773] 20 profils | total DB 6152 | +2947 | skip 813 | err 520
[page 237/773] 20 profils | total DB 6180 | +2961 | skip 817 | err 522
[page 238/773] 20 profils | total DB 6210 | +2976 | skip 820 | err 524
[page 239/773] 20 profils | total DB 6228 | +2985 | skip 825 | err 530
[page 240/773] 20 profils | total DB 6250 | +2996 | skip 831 | err 533
[page 241/773] 20 profils | total DB 6270 | +3006 | skip 838 | err 536
[page 242/773] 20 profils | total DB 6296 | +3019 | skip 841 | err 540
[page 243/773] 20 profils | total DB 6326 | +3034 | skip 844 | err 542
[page 244/773] 20 profils | total DB 6344 | +3043 | skip 852 | err 545
[page 245/773] 20 profils | total DB 6362 | +3052 | skip 860 | err 548
[page 246/773] 20 profils | total DB 6384 | +3063 | skip 869 | err 548
[page 247/773] 20 profils | total DB 6422 | +3082 | skip 870 | err 548
[page 248/773] 20 profils | total DB 6448 | +3095 | skip 876 | err 549
[page 249/773] 20 profils | total DB 6484 | +3113 | skip 878 | err 549
[page 250/773] 20 profils | total DB 6508 | +3125 | skip 886 | err 549
  page 251 vide
[page 252/773] 20 profils | total DB 6540 | +3141 | skip 889 | err 550
[page 253/773] 20 profils | total DB 6570 | +3156 | skip 890 | err 554
  page 254 vide
[page 255/773] 20 profils | total DB 6590 | +3166 | skip 897 | err 557
  page 256 vide
[page 257/773] 20 profils | total DB 6628 | +3185 | skip 897 | err 558
[page 258/773] 20 profils | total DB 6666 | +3204 | skip 897 | err 559
[page 259/773] 20 profils | total DB 6686 | +3214 | skip 905 | err 561
[page 260/773] 20 profils | total DB 6708 | +3225 | skip 910 | err 565
[page 261/773] 20 profils | total DB 6736 | +3239 | skip 911 | err 570
  page 262 vide
[page 263/773] 20 profils | total DB 6768 | +3255 | skip 913 | err 572
[page 264/773] 20 profils | total DB 6788 | +3265 | skip 920 | err 575
[page 265/773] 20 profils | total DB 6810 | +3276 | skip 928 | err 576
[page 266/773] 20 profils | total DB 6848 | +3295 | skip 928 | err 577
[page 267/773] 20 profils | total DB 6888 | +3315 | skip 928 | err 577
[page 268/773] 20 profils | total DB 6918 | +3330 | skip 932 | err 578
[page 269/773] 20 profils | total DB 6942 | +3342 | skip 940 | err 578
[page 270/773] 20 profils | total DB 6966 | +3354 | skip 948 | err 578
[page 271/773] 20 profils | total DB 7000 | +3371 | skip 950 | err 579
[page 272/773] 20 profils | total DB 7036 | +3389 | skip 952 | err 579
[page 273/773] 20 profils | total DB 7060 | +3401 | skip 960 | err 579
[page 274/773] 20 profils | total DB 7074 | +3408 | skip 973 | err 579
[page 275/773] 20 profils | total DB 7102 | +3422 | skip 976 | err 582
  page 276 vide
[page 277/773] 20 profils | total DB 7124 | +3433 | skip 979 | err 588
[page 278/773] 20 profils | total DB 7152 | +3447 | skip 979 | err 594
[page 279/773] 20 profils | total DB 7174 | +3458 | skip 983 | err 599
[page 280/773] 20 profils | total DB 7196 | +3469 | skip 986 | err 605
[page 281/773] 20 profils | total DB 7218 | +3480 | skip 986 | err 614
[page 282/773] 20 profils | total DB 7242 | +3492 | skip 987 | err 621
[page 283/773] 20 profils | total DB 7262 | +3502 | skip 996 | err 622
[page 284/773] 20 profils | total DB 7290 | +3516 | skip 1002 | err 622
[page 285/773] 20 profils | total DB 7320 | +3531 | skip 1007 | err 622
[page 286/773] 20 profils | total DB 7358 | +3550 | skip 1007 | err 623
[page 287/773] 20 profils | total DB 7388 | +3565 | skip 1012 | err 623
[page 288/773] 20 profils | total DB 7424 | +3583 | skip 1014 | err 623
[page 289/773] 20 profils | total DB 7442 | +3592 | skip 1024 | err 624
[page 290/773] 20 profils | total DB 7482 | +3612 | skip 1024 | err 624
[page 291/773] 20 profils | total DB 7514 | +3628 | skip 1027 | err 625
[page 292/773] 20 profils | total DB 7538 | +3640 | skip 1035 | err 625
[page 293/773] 20 profils | total DB 7552 | +3647 | skip 1048 | err 625
[page 294/773] 20 profils | total DB 7578 | +3660 | skip 1055 | err 625
[page 295/773] 20 profils | total DB 7610 | +3676 | skip 1059 | err 625
  page 296 vide
  page 297 vide
[page 298/773] 20 profils | total DB 7644 | +3693 | skip 1059 | err 628
[page 299/773] 20 profils | total DB 7670 | +3706 | skip 1059 | err 635
[page 300/773] 20 profils | total DB 7688 | +3715 | skip 1061 | err 644
  page 301 vide
  page 302 vide
[page 303/773] 20 profils | total DB 7710 | +3726 | skip 1062 | err 652
  page 304 vide
  page 305 vide
[page 306/773] 20 profils | total DB 7744 | +3743 | skip 1062 | err 655
  page 307 vide
  page 308 vide
[page 309/773] 20 profils | total DB 7780 | +3761 | skip 1062 | err 657
[page 310/773] 20 profils | total DB 7806 | +3774 | skip 1062 | err 664
[page 311/773] 20 profils | total DB 7832 | +3787 | skip 1062 | err 671
[page 312/773] 20 profils | total DB 7866 | +3804 | skip 1065 | err 671
[page 313/773] 20 profils | total DB 7904 | +3823 | skip 1065 | err 672
[page 314/773] 20 profils | total DB 7932 | +3837 | skip 1071 | err 672
[page 315/773] 20 profils | total DB 7956 | +3849 | skip 1079 | err 672
[page 316/773] 20 profils | total DB 7970 | +3856 | skip 1092 | err 672
[page 317/773] 20 profils | total DB 8008 | +3875 | skip 1092 | err 673
  page 318 vide
[page 319/773] 20 profils | total DB 8040 | +3891 | skip 1093 | err 676
[page 320/773] 20 profils | total DB 8070 | +3906 | skip 1093 | err 681
[page 321/773] 20 profils | total DB 8096 | +3919 | skip 1096 | err 685
[page 322/773] 20 profils | total DB 8122 | +3932 | skip 1100 | err 688
[page 323/773] 20 profils | total DB 8148 | +3945 | skip 1100 | err 695
[page 324/773] 20 profils | total DB 8172 | +3957 | skip 1104 | err 699
  page 325 vide
[page 326/773] 20 profils | total DB 8196 | +3969 | skip 1110 | err 701
[page 327/773] 20 profils | total DB 8228 | +3985 | skip 1110 | err 705
[page 328/773] 20 profils | total DB 8256 | +3999 | skip 1114 | err 707
[page 329/773] 20 profils | total DB 8284 | +4013 | skip 1119 | err 708
[page 330/773] 20 profils | total DB 8318 | +4030 | skip 1121 | err 709
[page 331/773] 20 profils | total DB 8342 | +4042 | skip 1128 | err 710
[page 332/773] 20 profils | total DB 8376 | +4059 | skip 1128 | err 713
[page 333/773] 20 profils | total DB 8400 | +4071 | skip 1131 | err 718
[page 334/773] 20 profils | total DB 8426 | +4084 | skip 1134 | err 722
  page 335 vide
  page 336 vide
[page 337/773] 20 profils | total DB 8454 | +4098 | skip 1135 | err 727
[page 338/773] 20 profils | total DB 8482 | +4112 | skip 1135 | err 733
[page 339/773] 20 profils | total DB 8508 | +4125 | skip 1135 | err 740
[page 340/773] 20 profils | total DB 8526 | +4134 | skip 1138 | err 748
[page 341/773] 20 profils | total DB 8550 | +4146 | skip 1139 | err 755
[page 342/773] 20 profils | total DB 8572 | +4157 | skip 1142 | err 761
[page 343/773] 20 profils | total DB 8594 | +4168 | skip 1145 | err 767
[page 344/773] 20 profils | total DB 8618 | +4180 | skip 1148 | err 772
[page 345/773] 20 profils | total DB 8630 | +4186 | skip 1158 | err 776
[page 346/773] 20 profils | total DB 8656 | +4199 | skip 1159 | err 782
[page 347/773] 20 profils | total DB 8692 | +4217 | skip 1159 | err 784
  page 348 vide
[page 349/773] 20 profils | total DB 8720 | +4231 | skip 1159 | err 790
[page 350/773] 20 profils | total DB 8756 | +4249 | skip 1159 | err 792
[page 351/773] 20 profils | total DB 8784 | +4263 | skip 1159 | err 798
  page 352 vide
[page 353/773] 20 profils | total DB 8816 | +4279 | skip 1159 | err 802
[page 354/773] 20 profils | total DB 8850 | +4296 | skip 1159 | err 805
[page 355/773] 20 profils | total DB 8884 | +4313 | skip 1159 | err 808
[page 356/773] 20 profils | total DB 8910 | +4326 | skip 1159 | err 815
[page 357/773] 20 profils | total DB 8934 | +4338 | skip 1159 | err 823
[page 358/773] 20 profils | total DB 8968 | +4355 | skip 1159 | err 826
[page 359/773] 20 profils | total DB 9002 | +4372 | skip 1159 | err 829
[page 360/773] 20 profils | total DB 9042 | +4392 | skip 1159 | err 829
[page 361/773] 20 profils | total DB 9074 | +4408 | skip 1159 | err 833
[page 362/773] 20 profils | total DB 9106 | +4424 | skip 1159 | err 837
[page 363/773] 20 profils | total DB 9138 | +4440 | skip 1159 | err 841
  page 364 vide
[page 365/773] 20 profils | total DB 9176 | +4459 | skip 1159 | err 842
  page 366 vide
  page 367 vide
  page 368 vide
[page 369/773] 20 profils | total DB 9214 | +4478 | skip 1159 | err 843
[page 370/773] 20 profils | total DB 9244 | +4493 | skip 1159 | err 848
[page 371/773] 20 profils | total DB 9280 | +4511 | skip 1159 | err 850
[page 372/773] 20 profils | total DB 9306 | +4524 | skip 1159 | err 857
[page 373/773] 20 profils | total DB 9342 | +4542 | skip 1159 | err 859
[page 374/773] 20 profils | total DB 9376 | +4559 | skip 1159 | err 862
[page 375/773] 20 profils | total DB 9414 | +4578 | skip 1159 | err 863
[page 376/773] 20 profils | total DB 9446 | +4594 | skip 1159 | err 867
[page 377/773] 20 profils | total DB 9482 | +4612 | skip 1159 | err 869
[page 378/773] 20 profils | total DB 9522 | +4632 | skip 1159 | err 869
[page 379/773] 20 profils | total DB 9562 | +4652 | skip 1159 | err 869
  page 380 vide
[page 381/773] 20 profils | total DB 9586 | +4664 | skip 1159 | err 877
[page 382/773] 20 profils | total DB 9614 | +4678 | skip 1159 | err 883
  page 383 vide
[page 384/773] 20 profils | total DB 9642 | +4692 | skip 1159 | err 889
[page 385/773] 20 profils | total DB 9668 | +4705 | skip 1159 | err 896
[page 386/773] 20 profils | total DB 9702 | +4722 | skip 1159 | err 899
  page 387 vide
[page 388/773] 20 profils | total DB 9734 | +4738 | skip 1159 | err 903
[page 389/773] 20 profils | total DB 9762 | +4752 | skip 1159 | err 909
[page 390/773] 20 profils | total DB 9786 | +4764 | skip 1159 | err 917
  page 391 vide
[page 392/773] 20 profils | total DB 9810 | +4776 | skip 1159 | err 925
[page 393/773] 20 profils | total DB 9844 | +4793 | skip 1159 | err 928
  page 394 vide
[page 395/773] 20 profils | total DB 9878 | +4810 | skip 1159 | err 931
[page 396/773] 20 profils | total DB 9908 | +4825 | skip 1159 | err 936
[page 397/773] 20 profils | total DB 9932 | +4837 | skip 1159 | err 944
  page 398 vide
  page 399 vide
  page 400 vide
[page 401/773] 20 profils | total DB 9958 | +4850 | skip 1159 | err 951
  page 402 vide
[page 403/773] 20 profils | total DB 9990 | +4866 | skip 1159 | err 955
[page 404/773] 20 profils | total DB 10026 | +4884 | skip 1159 | err 957
[page 405/773] 20 profils | total DB 10056 | +4899 | skip 1159 | err 962
[page 406/773] 20 profils | total DB 10086 | +4914 | skip 1159 | err 967
[page 407/773] 20 profils | total DB 10116 | +4929 | skip 1159 | err 972
[page 408/773] 20 profils | total DB 10148 | +4945 | skip 1159 | err 976
[page 409/773] 20 profils | total DB 10182 | +4962 | skip 1159 | err 979
[page 410/773] 20 profils | total DB 10216 | +4979 | skip 1159 | err 982
[page 411/773] 20 profils | total DB 10248 | +4995 | skip 1159 | err 986
  page 412 vide
[page 413/773] 20 profils | total DB 10284 | +5013 | skip 1159 | err 988
  page 414 vide
[page 415/773] 20 profils | total DB 10318 | +5030 | skip 1159 | err 991
[page 416/773] 20 profils | total DB 10352 | +5047 | skip 1159 | err 994
  page 417 vide
  page 418 vide
[page 419/773] 20 profils | total DB 10388 | +5065 | skip 1159 | err 996
[page 420/773] 20 profils | total DB 10414 | +5078 | skip 1159 | err 1003
[page 421/773] 20 profils | total DB 10446 | +5094 | skip 1159 | err 1007
[page 422/773] 20 profils | total DB 10480 | +5111 | skip 1159 | err 1010
[page 423/773] 20 profils | total DB 10512 | +5127 | skip 1159 | err 1014
  page 424 vide
[page 425/773] 20 profils | total DB 10546 | +5144 | skip 1159 | err 1017
  page 426 vide
[page 427/773] 20 profils | total DB 10580 | +5161 | skip 1159 | err 1020
  page 428 vide
[page 429/773] 20 profils | total DB 10606 | +5174 | skip 1159 | err 1027
[page 430/773] 20 profils | total DB 10634 | +5188 | skip 1159 | err 1033
[page 431/773] 20 profils | total DB 10670 | +5206 | skip 1159 | err 1035
[page 432/773] 20 profils | total DB 10704 | +5223 | skip 1159 | err 1038
[page 433/773] 20 profils | total DB 10738 | +5240 | skip 1159 | err 1041
[page 434/773] 20 profils | total DB 10776 | +5259 | skip 1159 | err 1042
[page 435/773] 20 profils | total DB 10814 | +5278 | skip 1159 | err 1043
[page 436/773] 20 profils | total DB 10844 | +5293 | skip 1159 | err 1048
  page 437 vide
[page 438/773] 20 profils | total DB 10878 | +5310 | skip 1159 | err 1051
  page 439 vide
  page 440 vide
[page 441/773] 20 profils | total DB 10910 | +5326 | skip 1159 | err 1055
[page 442/773] 20 profils | total DB 10942 | +5342 | skip 1159 | err 1059
[page 443/773] 20 profils | total DB 10972 | +5357 | skip 1159 | err 1064
[page 444/773] 20 profils | total DB 11002 | +5372 | skip 1159 | err 1069
[page 445/773] 20 profils | total DB 11042 | +5392 | skip 1159 | err 1069
[page 446/773] 20 profils | total DB 11082 | +5412 | skip 1159 | err 1069
[page 447/773] 20 profils | total DB 11108 | +5425 | skip 1159 | err 1076
[page 448/773] 20 profils | total DB 11132 | +5437 | skip 1159 | err 1084
[page 449/773] 20 profils | total DB 11164 | +5453 | skip 1159 | err 1088
[page 450/773] 20 profils | total DB 11194 | +5468 | skip 1159 | err 1093
[page 451/773] 20 profils | total DB 11220 | +5481 | skip 1159 | err 1100
[page 452/773] 20 profils | total DB 11250 | +5496 | skip 1159 | err 1105
[page 453/773] 20 profils | total DB 11278 | +5510 | skip 1159 | err 1111
[page 454/773] 20 profils | total DB 11306 | +5524 | skip 1159 | err 1117
[page 455/773] 20 profils | total DB 11328 | +5535 | skip 1159 | err 1126
  page 456 vide
[page 457/773] 20 profils | total DB 11360 | +5551 | skip 1159 | err 1130
  page 458 vide
[page 459/773] 20 profils | total DB 11386 | +5564 | skip 1159 | err 1137
[page 460/773] 20 profils | total DB 11418 | +5580 | skip 1159 | err 1141
  page 461 vide
[page 462/773] 20 profils | total DB 11448 | +5595 | skip 1159 | err 1146
[page 463/773] 20 profils | total DB 11478 | +5610 | skip 1159 | err 1151
[page 464/773] 20 profils | total DB 11506 | +5624 | skip 1159 | err 1157
[page 465/773] 20 profils | total DB 11544 | +5643 | skip 1159 | err 1158
[page 466/773] 20 profils | total DB 11574 | +5658 | skip 1159 | err 1163
[page 467/773] 20 profils | total DB 11602 | +5672 | skip 1159 | err 1169
[page 468/773] 20 profils | total DB 11634 | +5688 | skip 1159 | err 1173
[page 469/773] 20 profils | total DB 11660 | +5701 | skip 1159 | err 1180
[page 470/773] 20 profils | total DB 11690 | +5716 | skip 1159 | err 1185
[page 471/773] 20 profils | total DB 11720 | +5731 | skip 1159 | err 1190
[page 472/773] 20 profils | total DB 11758 | +5750 | skip 1159 | err 1191
[page 473/773] 20 profils | total DB 11794 | +5768 | skip 1159 | err 1193
[page 474/773] 20 profils | total DB 11824 | +5783 | skip 1159 | err 1198
  page 475 vide
  page 476 vide
[page 477/773] 20 profils | total DB 11856 | +5799 | skip 1159 | err 1202
  page 478 vide
[page 479/773] 20 profils | total DB 11890 | +5816 | skip 1159 | err 1205
[page 480/773] 20 profils | total DB 11916 | +5829 | skip 1159 | err 1212
  page 481 vide
  page 482 vide
  page 483 vide
[page 484/773] 20 profils | total DB 11944 | +5843 | skip 1159 | err 1218
[page 485/773] 20 profils | total DB 11976 | +5859 | skip 1159 | err 1222
[page 486/773] 20 profils | total DB 12008 | +5875 | skip 1159 | err 1226
[page 487/773] 20 profils | total DB 12038 | +5890 | skip 1159 | err 1231
[page 488/773] 20 profils | total DB 12060 | +5901 | skip 1159 | err 1240
  page 489 vide
[page 490/773] 20 profils | total DB 12088 | +5915 | skip 1159 | err 1246
[page 491/773] 20 profils | total DB 12118 | +5930 | skip 1159 | err 1251
[page 492/773] 20 profils | total DB 12140 | +5941 | skip 1159 | err 1260
  page 493 vide
[page 494/773] 20 profils | total DB 12162 | +5952 | skip 1159 | err 1269
  page 495 vide
[page 496/773] 20 profils | total DB 12184 | +5963 | skip 1159 | err 1278
[page 497/773] 20 profils | total DB 12216 | +5979 | skip 1159 | err 1282
  page 498 vide
[page 499/773] 20 profils | total DB 12238 | +5990 | skip 1159 | err 1291
[page 500/773] 20 profils | total DB 12272 | +6007 | skip 1159 | err 1294
[page 501/773] 20 profils | total DB 12306 | +6024 | skip 1159 | err 1297
[page 502/773] 20 profils | total DB 12340 | +6041 | skip 1159 | err 1300
  page 503 vide
[page 504/773] 20 profils | total DB 12374 | +6058 | skip 1159 | err 1303
  page 505 vide
[page 506/773] 20 profils | total DB 12408 | +6075 | skip 1159 | err 1306
[page 507/773] 20 profils | total DB 12440 | +6091 | skip 1159 | err 1310
[page 508/773] 20 profils | total DB 12462 | +6102 | skip 1159 | err 1319
[page 509/773] 20 profils | total DB 12500 | +6121 | skip 1159 | err 1320
[page 510/773] 20 profils | total DB 12540 | +6141 | skip 1159 | err 1320
[page 511/773] 20 profils | total DB 12578 | +6160 | skip 1159 | err 1321
[page 512/773] 20 profils | total DB 12600 | +6171 | skip 1159 | err 1330
[page 513/773] 20 profils | total DB 12632 | +6187 | skip 1159 | err 1334
[page 514/773] 20 profils | total DB 12666 | +6204 | skip 1159 | err 1337
  page 515 vide
[page 516/773] 20 profils | total DB 12688 | +6215 | skip 1159 | err 1346
[page 517/773] 20 profils | total DB 12718 | +6230 | skip 1159 | err 1351
[page 518/773] 20 profils | total DB 12746 | +6244 | skip 1159 | err 1357
  page 519 vide
[page 520/773] 20 profils | total DB 12776 | +6259 | skip 1159 | err 1362
[page 521/773] 20 profils | total DB 12812 | +6277 | skip 1159 | err 1364
[page 522/773] 20 profils | total DB 12840 | +6291 | skip 1159 | err 1370
[page 523/773] 20 profils | total DB 12864 | +6303 | skip 1159 | err 1378
[page 524/773] 20 profils | total DB 12898 | +6320 | skip 1159 | err 1381
[page 525/773] 20 profils | total DB 12928 | +6335 | skip 1159 | err 1386
  page 526 vide
[page 527/773] 20 profils | total DB 12960 | +6351 | skip 1159 | err 1390
  page 528 vide
[page 529/773] 20 profils | total DB 12994 | +6368 | skip 1159 | err 1393
[page 530/773] 20 profils | total DB 13028 | +6385 | skip 1159 | err 1396
[page 531/773] 20 profils | total DB 13066 | +6404 | skip 1159 | err 1397
[page 532/773] 20 profils | total DB 13106 | +6424 | skip 1159 | err 1397
[page 533/773] 20 profils | total DB 13146 | +6444 | skip 1159 | err 1397
[page 534/773] 20 profils | total DB 13178 | +6460 | skip 1159 | err 1401
[page 535/773] 20 profils | total DB 13210 | +6476 | skip 1159 | err 1405
[page 536/773] 20 profils | total DB 13238 | +6490 | skip 1159 | err 1411
[page 537/773] 20 profils | total DB 13270 | +6506 | skip 1159 | err 1415
  page 538 vide
[page 539/773] 20 profils | total DB 13300 | +6521 | skip 1159 | err 1420
  page 540 vide
[page 541/773] 20 profils | total DB 13320 | +6531 | skip 1159 | err 1430
[page 542/773] 20 profils | total DB 13350 | +6546 | skip 1159 | err 1435
[page 543/773] 20 profils | total DB 13380 | +6561 | skip 1159 | err 1440
[page 544/773] 20 profils | total DB 13412 | +6577 | skip 1159 | err 1444
[page 545/773] 20 profils | total DB 13448 | +6595 | skip 1159 | err 1446
[page 546/773] 20 profils | total DB 13476 | +6609 | skip 1159 | err 1452
[page 547/773] 20 profils | total DB 13508 | +6625 | skip 1159 | err 1456
[page 548/773] 20 profils | total DB 13548 | +6645 | skip 1159 | err 1456
[page 549/773] 20 profils | total DB 13588 | +6665 | skip 1159 | err 1456
[page 550/773] 20 profils | total DB 13624 | +6683 | skip 1159 | err 1458
  page 551 vide
  page 552 vide
[page 553/773] 20 profils | total DB 13654 | +6698 | skip 1159 | err 1463
[page 554/773] 20 profils | total DB 13682 | +6712 | skip 1159 | err 1469
  page 555 vide
[page 556/773] 20 profils | total DB 13714 | +6728 | skip 1159 | err 1473
[page 557/773] 20 profils | total DB 13750 | +6746 | skip 1159 | err 1475
[page 558/773] 20 profils | total DB 13782 | +6762 | skip 1159 | err 1479
[page 559/773] 20 profils | total DB 13820 | +6781 | skip 1159 | err 1480
  ! listing p560 erreur : ('Connection aborted.', ConnectionResetError(54, 'Connection reset by peer'))
[page 561/773] 20 profils | total DB 13860 | +6801 | skip 1159 | err 1481
[page 562/773] 20 profils | total DB 13900 | +6821 | skip 1159 | err 1481
[page 563/773] 20 profils | total DB 13940 | +6841 | skip 1159 | err 1481
[page 564/773] 20 profils | total DB 13978 | +6860 | skip 1159 | err 1482
[page 565/773] 20 profils | total DB 14018 | +6880 | skip 1159 | err 1482
[page 566/773] 20 profils | total DB 14058 | +6900 | skip 1159 | err 1482
  page 567 vide
  page 568 vide
  page 569 vide
[page 570/773] 20 profils | total DB 14098 | +6920 | skip 1159 | err 1482
  page 571 vide
  page 572 vide
[page 573/773] 20 profils | total DB 14128 | +6935 | skip 1159 | err 1487
[page 574/773] 20 profils | total DB 14164 | +6953 | skip 1159 | err 1489
[page 575/773] 20 profils | total DB 14196 | +6969 | skip 1159 | err 1493
[page 576/773] 20 profils | total DB 14232 | +6987 | skip 1159 | err 1495
[page 577/773] 20 profils | total DB 14264 | +7003 | skip 1159 | err 1499
[page 578/773] 20 profils | total DB 14302 | +7022 | skip 1159 | err 1500
[page 579/773] 20 profils | total DB 14342 | +7042 | skip 1159 | err 1500
[page 580/773] 20 profils | total DB 14380 | +7061 | skip 1159 | err 1501
[page 581/773] 20 profils | total DB 14420 | +7081 | skip 1159 | err 1501
[page 582/773] 20 profils | total DB 14460 | +7101 | skip 1159 | err 1501
[page 583/773] 20 profils | total DB 14500 | +7121 | skip 1159 | err 1501
[page 584/773] 20 profils | total DB 14538 | +7140 | skip 1159 | err 1502
[page 585/773] 20 profils | total DB 14578 | +7160 | skip 1159 | err 1502
[page 586/773] 20 profils | total DB 14618 | +7180 | skip 1159 | err 1502
[page 587/773] 20 profils | total DB 14658 | +7200 | skip 1159 | err 1502
[page 588/773] 20 profils | total DB 14696 | +7219 | skip 1159 | err 1503
[page 589/773] 20 profils | total DB 14736 | +7239 | skip 1159 | err 1503
[page 590/773] 20 profils | total DB 14776 | +7259 | skip 1159 | err 1503
[page 591/773] 20 profils | total DB 14810 | +7276 | skip 1159 | err 1506
[page 592/773] 20 profils | total DB 14836 | +7289 | skip 1159 | err 1513
  page 593 vide
[page 594/773] 20 profils | total DB 14866 | +7304 | skip 1159 | err 1518
[page 595/773] 20 profils | total DB 14900 | +7321 | skip 1159 | err 1521
[page 596/773] 20 profils | total DB 14930 | +7336 | skip 1159 | err 1526
[page 597/773] 20 profils | total DB 14964 | +7353 | skip 1159 | err 1529
[page 598/773] 20 profils | total DB 14986 | +7364 | skip 1159 | err 1538
[page 599/773] 20 profils | total DB 15024 | +7383 | skip 1159 | err 1539
[page 600/773] 20 profils | total DB 15060 | +7401 | skip 1159 | err 1541
[page 601/773] 20 profils | total DB 15086 | +7414 | skip 1159 | err 1548
[page 602/773] 20 profils | total DB 15118 | +7430 | skip 1159 | err 1552
[page 603/773] 20 profils | total DB 15148 | +7445 | skip 1159 | err 1557
[page 604/773] 20 profils | total DB 15178 | +7460 | skip 1159 | err 1562
  page 605 vide
[page 606/773] 20 profils | total DB 15212 | +7477 | skip 1159 | err 1565
[page 607/773] 20 profils | total DB 15244 | +7493 | skip 1159 | err 1569
[page 608/773] 20 profils | total DB 15280 | +7511 | skip 1159 | err 1571
[page 609/773] 20 profils | total DB 15318 | +7530 | skip 1159 | err 1572
[page 610/773] 20 profils | total DB 15354 | +7548 | skip 1159 | err 1574
[page 611/773] 20 profils | total DB 15386 | +7564 | skip 1159 | err 1578
[page 612/773] 20 profils | total DB 15418 | +7580 | skip 1159 | err 1582
[page 613/773] 20 profils | total DB 15452 | +7597 | skip 1159 | err 1585
[page 614/773] 20 profils | total DB 15480 | +7611 | skip 1159 | err 1591
[page 615/773] 20 profils | total DB 15514 | +7628 | skip 1159 | err 1594
[page 616/773] 20 profils | total DB 15546 | +7644 | skip 1159 | err 1598
[page 617/773] 20 profils | total DB 15578 | +7660 | skip 1159 | err 1602
[page 618/773] 20 profils | total DB 15606 | +7674 | skip 1159 | err 1608
  page 619 vide
[page 620/773] 20 profils | total DB 15640 | +7691 | skip 1159 | err 1611
[page 621/773] 20 profils | total DB 15670 | +7706 | skip 1159 | err 1616
[page 622/773] 20 profils | total DB 15700 | +7721 | skip 1159 | err 1621
[page 623/773] 20 profils | total DB 15730 | +7736 | skip 1159 | err 1626
  page 624 vide
[page 625/773] 20 profils | total DB 15766 | +7754 | skip 1159 | err 1628
[page 626/773] 20 profils | total DB 15800 | +7771 | skip 1159 | err 1631
[page 627/773] 20 profils | total DB 15830 | +7786 | skip 1159 | err 1636
[page 628/773] 20 profils | total DB 15862 | +7802 | skip 1159 | err 1640
[page 629/773] 20 profils | total DB 15892 | +7817 | skip 1159 | err 1645
[page 630/773] 20 profils | total DB 15916 | +7829 | skip 1159 | err 1653
[page 631/773] 20 profils | total DB 15950 | +7846 | skip 1159 | err 1656
[page 632/773] 20 profils | total DB 15984 | +7863 | skip 1159 | err 1659
[page 633/773] 20 profils | total DB 16014 | +7878 | skip 1159 | err 1664
[page 634/773] 20 profils | total DB 16044 | +7893 | skip 1159 | err 1669
[page 635/773] 20 profils | total DB 16074 | +7908 | skip 1159 | err 1674
[page 636/773] 20 profils | total DB 16112 | +7927 | skip 1159 | err 1675
  page 637 vide
[page 638/773] 20 profils | total DB 16148 | +7945 | skip 1159 | err 1677
  page 639 vide
  page 640 vide
[page 641/773] 20 profils | total DB 16180 | +7961 | skip 1159 | err 1681
  page 642 vide
[page 643/773] 20 profils | total DB 16214 | +7978 | skip 1159 | err 1684
  page 644 vide
[page 645/773] 20 profils | total DB 16240 | +7991 | skip 1159 | err 1691
[page 646/773] 20 profils | total DB 16276 | +8009 | skip 1159 | err 1693
[page 647/773] 20 profils | total DB 16314 | +8028 | skip 1159 | err 1694
[page 648/773] 20 profils | total DB 16354 | +8048 | skip 1159 | err 1694
[page 649/773] 20 profils | total DB 16370 | +8056 | skip 1159 | err 1706
[page 650/773] 20 profils | total DB 16400 | +8071 | skip 1159 | err 1711
  page 651 vide
[page 652/773] 20 profils | total DB 16426 | +8084 | skip 1159 | err 1718
  page 653 vide
[page 654/773] 20 profils | total DB 16454 | +8098 | skip 1159 | err 1724
[page 655/773] 20 profils | total DB 16482 | +8112 | skip 1159 | err 1730
  page 656 vide
  page 657 vide
[page 658/773] 20 profils | total DB 16516 | +8129 | skip 1159 | err 1733
[page 659/773] 20 profils | total DB 16540 | +8141 | skip 1159 | err 1741
  page 660 vide
  page 661 vide
[page 662/773] 20 profils | total DB 16566 | +8154 | skip 1159 | err 1748
[page 663/773] 20 profils | total DB 16598 | +8170 | skip 1159 | err 1752
  page 664 vide
[page 665/773] 20 profils | total DB 16618 | +8180 | skip 1159 | err 1762
[page 666/773] 20 profils | total DB 16642 | +8192 | skip 1159 | err 1770
[page 667/773] 20 profils | total DB 16674 | +8208 | skip 1159 | err 1774
[page 668/773] 20 profils | total DB 16706 | +8224 | skip 1159 | err 1778
[page 669/773] 20 profils | total DB 16736 | +8239 | skip 1159 | err 1783
[page 670/773] 20 profils | total DB 16760 | +8251 | skip 1159 | err 1791
[page 671/773] 20 profils | total DB 16784 | +8263 | skip 1159 | err 1799
[page 672/773] 20 profils | total DB 16814 | +8278 | skip 1159 | err 1804
[page 673/773] 20 profils | total DB 16840 | +8291 | skip 1159 | err 1811
[page 674/773] 20 profils | total DB 16866 | +8304 | skip 1159 | err 1818
  page 675 vide
[page 676/773] 20 profils | total DB 16898 | +8320 | skip 1159 | err 1822
[page 677/773] 20 profils | total DB 16932 | +8337 | skip 1159 | err 1825
[page 678/773] 20 profils | total DB 16956 | +8349 | skip 1159 | err 1833
[page 679/773] 20 profils | total DB 16984 | +8363 | skip 1159 | err 1839
[page 680/773] 20 profils | total DB 17010 | +8376 | skip 1159 | err 1846
[page 681/773] 20 profils | total DB 17034 | +8388 | skip 1159 | err 1854
  page 682 vide
[page 683/773] 20 profils | total DB 17070 | +8406 | skip 1159 | err 1856
[page 684/773] 20 profils | total DB 17098 | +8420 | skip 1159 | err 1862
[page 685/773] 20 profils | total DB 17126 | +8434 | skip 1159 | err 1868
[page 686/773] 20 profils | total DB 17142 | +8442 | skip 1159 | err 1880
[page 687/773] 20 profils | total DB 17172 | +8457 | skip 1159 | err 1885
[page 688/773] 20 profils | total DB 17202 | +8472 | skip 1159 | err 1890
[page 689/773] 20 profils | total DB 17232 | +8487 | skip 1159 | err 1895
[page 690/773] 20 profils | total DB 17266 | +8504 | skip 1159 | err 1898
[page 691/773] 20 profils | total DB 17288 | +8515 | skip 1159 | err 1907
  page 692 vide
[page 693/773] 20 profils | total DB 17318 | +8530 | skip 1159 | err 1912
[page 694/773] 20 profils | total DB 17348 | +8545 | skip 1159 | err 1917
  page 695 vide
[page 696/773] 20 profils | total DB 17380 | +8561 | skip 1159 | err 1921
[page 697/773] 20 profils | total DB 17404 | +8573 | skip 1159 | err 1929
[page 698/773] 20 profils | total DB 17426 | +8584 | skip 1159 | err 1938
[page 699/773] 20 profils | total DB 17456 | +8599 | skip 1159 | err 1943
  page 700 vide
[page 701/773] 20 profils | total DB 17476 | +8609 | skip 1159 | err 1953
[page 702/773] 20 profils | total DB 17506 | +8624 | skip 1159 | err 1958
  page 703 vide
  page 704 vide
[page 705/773] 20 profils | total DB 17534 | +8638 | skip 1159 | err 1964
  page 706 vide
[page 707/773] 20 profils | total DB 17562 | +8652 | skip 1159 | err 1970
[page 708/773] 20 profils | total DB 17584 | +8663 | skip 1159 | err 1979
[page 709/773] 20 profils | total DB 17610 | +8676 | skip 1159 | err 1986
[page 710/773] 20 profils | total DB 17646 | +8694 | skip 1159 | err 1988
[page 711/773] 20 profils | total DB 17684 | +8713 | skip 1159 | err 1989
[page 712/773] 20 profils | total DB 17720 | +8731 | skip 1159 | err 1991
[page 713/773] 20 profils | total DB 17738 | +8740 | skip 1159 | err 2002
[page 714/773] 20 profils | total DB 17760 | +8751 | skip 1159 | err 2011
[page 715/773] 20 profils | total DB 17790 | +8766 | skip 1159 | err 2016
[page 716/773] 20 profils | total DB 17814 | +8778 | skip 1159 | err 2024
  page 717 vide
[page 718/773] 20 profils | total DB 17844 | +8793 | skip 1159 | err 2029
  page 719 vide
[page 720/773] 20 profils | total DB 17876 | +8809 | skip 1159 | err 2033
[page 721/773] 20 profils | total DB 17904 | +8823 | skip 1159 | err 2039
  page 722 vide
[page 723/773] 20 profils | total DB 17926 | +8834 | skip 1159 | err 2048
  page 724 vide
[page 725/773] 20 profils | total DB 17952 | +8847 | skip 1159 | err 2055
[page 726/773] 20 profils | total DB 17974 | +8858 | skip 1159 | err 2064
[page 727/773] 20 profils | total DB 18006 | +8874 | skip 1159 | err 2068
  page 728 vide
  page 729 vide
[page 730/773] 20 profils | total DB 18028 | +8885 | skip 1159 | err 2077
[page 731/773] 20 profils | total DB 18050 | +8896 | skip 1159 | err 2086
[page 732/773] 20 profils | total DB 18082 | +8912 | skip 1159 | err 2090
[page 733/773] 20 profils | total DB 18112 | +8927 | skip 1159 | err 2095
  page 734 vide
[page 735/773] 20 profils | total DB 18140 | +8941 | skip 1159 | err 2101
[page 736/773] 20 profils | total DB 18166 | +8954 | skip 1159 | err 2108
[page 737/773] 20 profils | total DB 18190 | +8966 | skip 1159 | err 2116
  page 738 vide
[page 739/773] 20 profils | total DB 18218 | +8980 | skip 1159 | err 2122
[page 740/773] 20 profils | total DB 18242 | +8992 | skip 1159 | err 2130
[page 741/773] 20 profils | total DB 18276 | +9009 | skip 1159 | err 2133
  page 742 vide
[page 743/773] 20 profils | total DB 18308 | +9025 | skip 1159 | err 2137
  page 744 vide
[page 745/773] 20 profils | total DB 18336 | +9039 | skip 1159 | err 2143
[page 746/773] 20 profils | total DB 18358 | +9050 | skip 1159 | err 2152
[page 747/773] 20 profils | total DB 18394 | +9068 | skip 1159 | err 2154
[page 748/773] 20 profils | total DB 18428 | +9085 | skip 1159 | err 2157
[page 749/773] 20 profils | total DB 18462 | +9102 | skip 1159 | err 2160
  page 750 vide
[page 751/773] 20 profils | total DB 18490 | +9116 | skip 1159 | err 2166
[page 752/773] 20 profils | total DB 18522 | +9132 | skip 1159 | err 2170
[page 753/773] 20 profils | total DB 18552 | +9147 | skip 1159 | err 2175
[page 754/773] 20 profils | total DB 18584 | +9163 | skip 1159 | err 2179
[page 755/773] 20 profils | total DB 18612 | +9177 | skip 1159 | err 2185
[page 756/773] 20 profils | total DB 18636 | +9189 | skip 1159 | err 2193
[page 757/773] 20 profils | total DB 18666 | +9204 | skip 1159 | err 2198
[page 758/773] 20 profils | total DB 18696 | +9219 | skip 1159 | err 2203
[page 759/773] 20 profils | total DB 18716 | +9229 | skip 1159 | err 2213
[page 760/773] 20 profils | total DB 18750 | +9246 | skip 1159 | err 2216
[page 761/773] 20 profils | total DB 18776 | +9259 | skip 1159 | err 2223
[page 762/773] 20 profils | total DB 18806 | +9274 | skip 1159 | err 2228
[page 763/773] 20 profils | total DB 18830 | +9286 | skip 1159 | err 2236
[page 764/773] 20 profils | total DB 18854 | +9298 | skip 1159 | err 2244
[page 765/773] 20 profils | total DB 18884 | +9313 | skip 1159 | err 2249
[page 766/773] 20 profils | total DB 18906 | +9324 | skip 1159 | err 2258
  page 767 vide
  page 768 vide
[page 769/773] 20 profils | total DB 18930 | +9336 | skip 1159 | err 2266
[page 770/773] 20 profils | total DB 18966 | +9354 | skip 1159 | err 2268
  page 771 vide
[page 772/773] 20 profils | total DB 19004 | +9373 | skip 1159 | err 2269
[page 773/773] 16 profils | total DB 19024 | +9383 | skip 1159 | err 2279

=== Terminé ===
Pages parcourues : 773
Profils vus      : 12836
Insérés          : 9399
Déjà connus      : 1159
Erreurs          : 2279
Total en DB      : 9657 (avec phone : 9062)
